// Vitest Snapshot v1, https://vitest.dev/guide/snapshot.html

exports[`Box > should match snapshot 1`] = `
<DocumentFragment>
  <div>
    <br />
    <div
      class="Box"
    >
      <button
        class="Box-remove-button"
      >
        X
      </button>
    </div>
  </div>
</DocumentFragment>
`;
